Target Part: AGLN250V5_VQFP100_STD
Report for cell Kart_Board.struct
  Core Cell usage:
              cell count     area count*area
              AND2    56      1.0       56.0
             AND2A    31      1.0       31.0
              AND3   150      1.0      150.0
             AND3A     4      1.0        4.0
               AO1   128      1.0      128.0
              AO13     8      1.0        8.0
              AO15     1      1.0        1.0
              AO1A    49      1.0       49.0
              AO1B     2      1.0        2.0
              AO1C    73      1.0       73.0
              AO1D     3      1.0        3.0
              AOI1    29      1.0       29.0
             AOI1A    65      1.0       65.0
             AOI1B     5      1.0        5.0
               AX1    41      1.0       41.0
              AX1A    10      1.0       10.0
              AX1B     6      1.0        6.0
              AX1C    30      1.0       30.0
              AX1D     3      1.0        3.0
              AX1E     3      1.0        3.0
              AXO3     2      1.0        2.0
              AXO5     1      1.0        1.0
             AXOI3     1      1.0        1.0
             AXOI5     1      1.0        1.0
            CLKINT     1      0.0        0.0
               GND    74      0.0        0.0
               INV    27      1.0       27.0
              MAJ3     4      1.0        4.0
               MX2   187      1.0      187.0
              MX2A     6      1.0        6.0
              MX2B    26      1.0       26.0
              MX2C     8      1.0        8.0
              NOR2   119      1.0      119.0
             NOR2A   332      1.0      332.0
             NOR2B   396      1.0      396.0
              NOR3    45      1.0       45.0
             NOR3A    92      1.0       92.0
             NOR3B    76      1.0       76.0
             NOR3C    97      1.0       97.0
               OA1    49      1.0       49.0
              OA1A    62      1.0       62.0
              OA1B     8      1.0        8.0
              OA1C    24      1.0       24.0
              OAI1    14      1.0       14.0
               OR2    66      1.0       66.0
              OR2A   176      1.0      176.0
              OR2B    21      1.0       21.0
               OR3    76      1.0       76.0
              OR3A     4      1.0        4.0
              OR3B    10      1.0       10.0
              OR3C     4      1.0        4.0
               VCC    74      0.0        0.0
               XA1    19      1.0       19.0
              XA1A     2      1.0        2.0
              XA1B    91      1.0       91.0
              XA1C     8      1.0        8.0
             XNOR2   214      1.0      214.0
               XO1     6      1.0        6.0
              XOR2   188      1.0      188.0
              XOR3     3      1.0        3.0
             ZOR3I     1      1.0        1.0


            DFN1C0   271      1.0      271.0
          DFN1E0C0   131      1.0      131.0
          DFN1E0P0     1      1.0        1.0
            DFN1E1    16      1.0       16.0
          DFN1E1C0   521      1.0      521.0
          DFN1E1P0    30      1.0       30.0
            DFN1P0    27      1.0       27.0
         RAM512X18     4      0.0        0.0
                   -----          ----------
             TOTAL  4313              4160.0


  IO Cell usage:
              cell count
             BIBUF     1
            CLKBUF     1
             INBUF     7
            OUTBUF    17
                   -----
             TOTAL    26


Core Cells         : 4160 of 6144 (68%)
IO Cells           : 26

  RAM/ROM Usage Summary
Block Rams : 4 of 8 (50%)

