

@S |Clock Optimization Summary


#### START OF CLOCK OPTIMIZATION REPORT #####[

Clock optimization not enabled
1 non-gated/non-generated clock tree(s) driving 1046 clock pin(s) of sequential element(s)
1 gated/generated clock tree(s) driving 4 clock pin(s) of sequential element(s)
0 instances converted, 4 sequential instances remain driven by gated/generated clocks

=========================== Non-Gated/Non-Generated Clocks ============================
Clock Tree ID     Driving Element     Drive Element Type     Fanout     Sample Instance
---------------------------------------------------------------------------------------
@K:CKID0002       clock               port                   1046       batterySDaIn   
=======================================================================================
=================================================================================================================== Gated/Generated Clocks ===================================================================================================================
Clock Tree ID     Driving Element                                                     Drive Element Type     Fanout     Sample Instance                                               Explanation                                                             
--------------------------------------------------------------------------------------------------------------------------------------------------------------------------------------------------------------------------------------------------------------
@K:CKID0001       I_board.I_stepperController.I_angleControl.I_phases.stepdelayed     DFN1C0                 4          I_board.I_stepperController.I_angleControl.I_phases.coil1     No generated or derived clock directive on output of sequential instance
==============================================================================================================================================================================================================================================================


##### END OF CLOCK OPTIMIZATION REPORT ######]

