Target Part: AGLN250V5_VQFP100_STD
Report for cell Kart_Board.struct
  Core Cell usage:
              cell count     area count*area
              AND2    58      1.0       58.0
             AND2A    29      1.0       29.0
              AND3   149      1.0      149.0
             AND3A     4      1.0        4.0
               AO1   116      1.0      116.0
              AO13     9      1.0        9.0
              AO15     1      1.0        1.0
              AO1A    49      1.0       49.0
              AO1B     4      1.0        4.0
              AO1C    71      1.0       71.0
              AO1D     3      1.0        3.0
              AOI1    27      1.0       27.0
             AOI1A    61      1.0       61.0
             AOI1B     8      1.0        8.0
               AX1    35      1.0       35.0
              AX1A    12      1.0       12.0
              AX1B     8      1.0        8.0
              AX1C    40      1.0       40.0
              AX1D     3      1.0        3.0
              AX1E     3      1.0        3.0
              AXO3     2      1.0        2.0
              AXO5     1      1.0        1.0
             AXOI3     1      1.0        1.0
             AXOI5     1      1.0        1.0
            CLKINT     2      0.0        0.0
               GND    76      0.0        0.0
               INV    27      1.0       27.0
              MAJ3     4      1.0        4.0
               MX2   188      1.0      188.0
              MX2A     6      1.0        6.0
              MX2B    23      1.0       23.0
              MX2C     7      1.0        7.0
              NOR2   114      1.0      114.0
             NOR2A   325      1.0      325.0
             NOR2B   383      1.0      383.0
              NOR3    48      1.0       48.0
             NOR3A    97      1.0       97.0
             NOR3B    69      1.0       69.0
             NOR3C    96      1.0       96.0
               OA1    65      1.0       65.0
              OA1A    67      1.0       67.0
              OA1B     8      1.0        8.0
              OA1C    27      1.0       27.0
              OAI1    15      1.0       15.0
               OR2    67      1.0       67.0
              OR2A   167      1.0      167.0
              OR2B    21      1.0       21.0
               OR3    87      1.0       87.0
              OR3A     6      1.0        6.0
              OR3B    13      1.0       13.0
              OR3C     3      1.0        3.0
               VCC    76      0.0        0.0
               XA1    34      1.0       34.0
              XA1A     4      1.0        4.0
              XA1B    74      1.0       74.0
              XA1C     8      1.0        8.0
             XNOR2   215      1.0      215.0
               XO1     6      1.0        6.0
              XOR2   198      1.0      198.0
              XOR3     2      1.0        2.0
             ZOR3I     1      1.0        1.0


            DFN1C0   280      1.0      280.0
          DFN1E0C0   131      1.0      131.0
          DFN1E0P0     1      1.0        1.0
            DFN1E1    16      1.0       16.0
          DFN1E1C0   518      1.0      518.0
          DFN1E1P0    30      1.0       30.0
            DFN1P0    26      1.0       26.0
         RAM512X18     4      0.0        0.0
                   -----          ----------
             TOTAL  4330              4172.0


  IO Cell usage:
              cell count
             BIBUF     1
            CLKBUF     1
             INBUF     7
            OUTBUF    17
                   -----
             TOTAL    26


Core Cells         : 4172 of 6144 (68%)
IO Cells           : 26

  RAM/ROM Usage Summary
Block Rams : 4 of 8 (50%)

