Target Part: AGLN250V5_VQFP100_STD
Report for cell Kart_Board.struct
  Core Cell usage:
              cell count     area count*area
              AND2    62      1.0       62.0
             AND2A    31      1.0       31.0
              AND3   178      1.0      178.0
             AND3A     4      1.0        4.0
               AO1   149      1.0      149.0
              AO13     8      1.0        8.0
              AO1A    38      1.0       38.0
              AO1B     7      1.0        7.0
              AO1C    73      1.0       73.0
              AO1D     4      1.0        4.0
              AOI1    25      1.0       25.0
             AOI1A    65      1.0       65.0
             AOI1B    10      1.0       10.0
               AX1    37      1.0       37.0
              AX1A    10      1.0       10.0
              AX1B     7      1.0        7.0
              AX1C    18      1.0       18.0
              AX1D     4      1.0        4.0
              AX1E     5      1.0        5.0
              AXO5     1      1.0        1.0
             AXOI3     1      1.0        1.0
            CLKINT     2      0.0        0.0
               GND    74      0.0        0.0
               INV    26      1.0       26.0
              MAJ3     4      1.0        4.0
               MX2   174      1.0      174.0
              MX2A     9      1.0        9.0
              MX2B    21      1.0       21.0
              MX2C     6      1.0        6.0
              NOR2   127      1.0      127.0
             NOR2A   338      1.0      338.0
             NOR2B   400      1.0      400.0
              NOR3    52      1.0       52.0
             NOR3A   137      1.0      137.0
             NOR3B   118      1.0      118.0
             NOR3C   106      1.0      106.0
               OA1    57      1.0       57.0
              OA1A    61      1.0       61.0
              OA1B     7      1.0        7.0
              OA1C    22      1.0       22.0
              OAI1    15      1.0       15.0
               OR2    64      1.0       64.0
              OR2A   181      1.0      181.0
              OR2B    23      1.0       23.0
               OR3    90      1.0       90.0
              OR3A    13      1.0       13.0
              OR3B    13      1.0       13.0
              OR3C     4      1.0        4.0
               VCC    74      0.0        0.0
               XA1    14      1.0       14.0
              XA1A     2      1.0        2.0
              XA1B   100      1.0      100.0
              XA1C     8      1.0        8.0
             XNOR2   216      1.0      216.0
               XO1     6      1.0        6.0
              XOR2   224      1.0      224.0
              XOR3     2      1.0        2.0


            DFN1C0   330      1.0      330.0
          DFN1E0C0   148      1.0      148.0
          DFN1E0P0     5      1.0        5.0
            DFN1E1    16      1.0       16.0
          DFN1E1C0   495      1.0      495.0
          DFN1E1P0    30      1.0       30.0
            DFN1P0    18      1.0       18.0
         RAM512X18     4      0.0        0.0
                   -----          ----------
             TOTAL  4573              4419.0


  IO Cell usage:
              cell count
             BIBUF     1
            CLKBUF     1
             INBUF     7
            OUTBUF    17
                   -----
             TOTAL    26


Core Cells         : 4419 of 6144 (72%)
IO Cells           : 26

  RAM/ROM Usage Summary
Block Rams : 4 of 8 (50%)

